cargo :    Compiling rust-routines v0.1.0 (C:\-\cygwin\root\home\phdyex\my-repos\rust-routines)
At line:1 char:59
+ ... win\root\home\phdyex\my-repos\rust-routines"; cargo test 2>&1 | tee t ...
+                                                   ~~~~~~~~~~~~~~~
    + CategoryInfo          : NotSpecified: (   Compiling ru...\rust-routines):String) [], RemoteException
    + FullyQualifiedErrorId : NativeCommandError
 
    Finished `test` profile [unoptimized + debuginfo] target(s) in 1.10s
     Running unittests src\lib.rs (target\debug\deps\rust_routines-03654f370b900b84.exe)

running 47 tests
test bridge::tests::test_future_task_creation ... ok
test executor::tests::test_enhanced_executor_creation ... ok
test executor::tests::test_enhanced_executor_simple_future ... ok
test bridge::tests::test_task_executor ... ok
test executor::tests::test_executor_statistics ... ok
test channel::tests::test_buffered_channel ... ok
test channel::tests::test_channel_close ... ok
test executor::tests::test_enhanced_future_task ... ok
test channel::tests::test_try_operations ... ok
test channel::tests::test_multiple_senders ... ok
test routine::tests::test_yield_now ... ok
test channel::tests::test_unbounded_channel ... ok
test routine::tests::test_spawn_routine ... ok
test routine::tests::test_go_macro_equivalent ... ok
test bridge::tests::test_schedule_async_future ... ok
test bridge::tests::test_schedule_future ... ok
test runtime::tests::test_global_runtime_init ... ok
test scheduler::core::tests::test_scheduler_shutdown ... ok
test runtime_v2::tests::test_isolated_runtimes ... ok
test scheduler::core::tests::test_scheduler_creation ... ok
test scheduler::queue::tests::test_global_queue ... ok
test scheduler::queue::tests::test_task_creation ... ok
test scheduler::queue::tests::test_work_queue_push_pop ... ok
test scheduler::queue::tests::test_work_stealing ... ok
test runtime_v2::tests::test_runtime_cleanup ... ok
test runtime::tests::test_integrated_runtime_with_config ... ok
test scheduler::steal::tests::test_load_balancer ... ok
test scheduler::steal::tests::test_victim_selection_strategies ... ok
test runtime::tests::test_integrated_runtime_stats ... ok
test scheduler::steal::tests::test_work_stealer_creation ... ok
test scheduler::worker::tests::test_worker_creation ... ok
test runtime::tests::test_performance_recommendations ... ok
test runtime::tests::test_integrated_runtime_creation ... ok
test scheduler::worker::tests::test_task_queue_operations ... ok
test runtime::tests::test_integrated_runtime_spawn_tokio ... ok
test scheduler::worker::tests::test_worker_state_transitions ... ok
test select::tests::test_multi_select ... ok
test select::tests::test_select_fairness ... ok
test scheduler::tests::test_scheduler_creation ... ok
test select::tests::test_select_recv ... ok
test select::tests::test_select_send ... ok
test tests::basic_channel_test ... ok
test select::tests::test_select_default ... ok
test select::tests::test_select_timeout ... ok
test channel::tests::test_unbuffered_channel ... ok
test scheduler::core::tests::test_task_scheduling ... ok
test runtime_v2::tests::test_concurrent_runtime_usage ... ok

test result: ok. 47 passed; 0 failed; 0 ignored; 0 measured; 0 filtered out; finished in 0.11s

     Running tests\demonstrate_problem.rs (target\debug\deps\demonstrate_problem-505bd75c7d76c3fa.exe)

running 3 tests
test test_no_way_to_reset_scheduler ... ok
test test_global_scheduler_contamination_2 ... ok
test test_global_scheduler_contamination_1 ... ok

test result: ok. 3 passed; 0 failed; 0 ignored; 0 measured; 0 filtered out; finished in 0.00s

     Running tests\integration_tests.rs (target\debug\deps\integration_tests-33d9fd1f20f9ccaa.exe)

running 8 tests
test test_routine_yield_cooperation ... ignored
test test_select_with_multiple_channels ... ok
test test_fan_out_fan_in_pattern ... ok
test test_producer_consumer_pattern ... ok
test test_select_default_case ... ok
test test_routine_error_handling ... ok
test test_select_timeout ... ok
test test_concurrent_channel_operations has been running for over 60 seconds
